[www.cyclehublincs.org.uk/index.html]
[backblue.gif]
[fade.gif]
[index.html]
[www.cyclehublincs.org.uk/uploads/1/1/8/6/11863800/published/parking-portrait-l-2025-05-13-07-35-4915d5.jpg]
[www.cyclehublincs.org.uk/uploads/1/1/8/6/11863800/editor/andy-working-2024-07-03-13-39-06b418.jpg]
[www.cyclehublincs.org.uk/uploads/1/1/8/6/11863800/published/cytech-umbrella-web-transparent-rgb-png686d.png]
[www.cyclehublincs.org.uk/uploads/1/1/8/6/11863800/editor/smiling-dr-alexa091.jpg]
[cdn2.editmysite.com/css/sitesaa09.css]
[cdn2.editmysite.com/css/old/fancyboxf291.css]
[cdn2.editmysite.com/css/social-icons731e.css]
[www.cyclehublincs.org.uk/files/main_style82d5.css]
[cdn2.editmysite.com/fonts/Raleway/fontc81e.css]
[cdn2.editmysite.com/fonts/Lora/fontc81e.css]
[cdn2.editmysite.com/fonts/Catamaran/fontc81e.css]
[cdn2.editmysite.com/fonts/Open_Sans/fontc81e.css]
[cdn2.editmysite.com/fonts/Lato/fontc81e.css]
[cdn2.editmysite.com/fonts/Questrial/fontc81e.css]
[cdn2.editmysite.com/fonts/Cabin/fontc81e.css]
[cdn2.editmysite.com/fonts/Montserrat/fontc81e.css]
[www.cyclehublincs.org.uk/uploads/1/1/8/6/11863800/background-images/1366250879.jpg]
[cdn2.editmysite.com/js/jquery-1.8.3.min.js]
[cdn2.editmysite.com/js/lang/en/stl90bf.js]
[cdn2.editmysite.com/js/site/commerce-coreaa09.js]
[cdn2.editmysite.com/js/site/main-commerce-browseaa09.js]
[www.cyclehublincs.org.uk/winter-packages.html]
[www.cyclehublincs.org.uk/meet-the-team.html]
[cdn2.editmysite.com/js/site/mainaa09.js]
[www.cyclehublincs.org.uk/services.html]
[www.cyclehublincs.org.uk/parking.html]
[www.cyclehublincs.org.uk/repairs.html]
[www.cyclehublincs.org.uk/recycledcycles.html]
[www.cyclehublincs.org.uk/bags-and-baskets.html]
[www.cyclehublincs.org.uk/boxed-bikes.html]
[www.cyclehublincs.org.uk/dr-bike-in-your-workplace.html]
[www.cyclehublincs.org.uk/contact-us.html]
[www.cyclehublincs.org.uk/_/uploads/1/1/8/6/11863800/background-images/1357614252.jpg_]
[www.cyclehublincs.org.uk/volunteer.html]
[www.cyclehublincs.org.uk/files/theme/plugins7c58.js]
[www.cyclehublincs.org.uk/files/theme/custom7c58.js]
[www.cyclehublincs.org.uk/index.html]
[www.cyclehublincs.org.uk/files/theme/mobile7c58.js]
[cdn2.editmysite.com/fonts/Proxima-Light/267447_4_075a8.woff]
[cdn2.editmysite.com/fonts/Proxima-Light/267447_4_01833.eot]
[cdn2.editmysite.com/fonts/Proxima-Light/267447_4_075a8.eot]
[cdn2.editmysite.com/fonts/Proxima-Semibold/267447_5_075a8.eot]
[cdn2.editmysite.com/fonts/Proxima-Semibold/267447_5_075a8.woff]
[cdn2.editmysite.com/js/site/main-customer-accounts-siteaa09.js]
[cdn2.editmysite.com/fonts/Proxima-Semibold/267447_5_0d41d.eot]
[cdn2.editmysite.com/fonts/Proxima-Light/267447_4_075a8.ttf]
[cdn2.editmysite.com/images/util/videojs/white-bar.png]
[cdn2.editmysite.com/images/util/videojs/@2x/white-bar.png]
[cdn2.editmysite.com/images/util/videojs/gradient.png]
[cdn2.editmysite.com/images/util/videojs/@2x/gradient.png]
[cdn2.editmysite.com/sprites/util/videojs-sacae758aa2.png]
[cdn2.editmysite.com/sprites/util/videojs/@2x-s2aff7e7d9a.png]
[cdn2.editmysite.com/images/util/videojs/volume-filled.png]
[cdn2.editmysite.com/images/util/videojs/@2x/volume-filled.png]
[cdn2.editmysite.com/images/util/videojs/volume-mute.png]
[cdn2.editmysite.com/images/util/videojs/@2x/volume-mute.png]
[cdn2.editmysite.com/images/util/videojs/blue-bar.png]
[cdn2.editmysite.com/images/util/videojs/@2x/blue-bar.png]
[cdn2.editmysite.com/images/util/videojs/maximize-icon.png]
[cdn2.editmysite.com/images/util/videojs/@2x/maximize-icon.png]
[cdn2.editmysite.com/images/util/videojs/minimize-icon.png]
[cdn2.editmysite.com/images/util/videojs/@2x/minimize-icon.png]
[cdn2.editmysite.com/images/util/videojs/play-icon.png]
[cdn2.editmysite.com/images/util/videojs/@2x/play-icon.png]
[cdn2.editmysite.com/images/util/videojs/sad-face.png]
[cdn2.editmysite.com/images/util/videojs/@2x/sad-face.png]
[cdn2.editmysite.com/images/util/videojs/loading-icon.png]
[cdn2.editmysite.com/images/util/videojs/@2x/loading-icon.png]
[cdn2.editmysite.com/images/common/buttons/small_grey.png]
[cdn2.editmysite.com/fonts/Proxima-Semibold/267447_5_075a8.ttf]
[cdn2.editmysite.com/images/common/buttons/small_blue.png]
[cdn2.editmysite.com/images/old/button/large_grey.png]
[cdn2.editmysite.com/images/common/buttons/large_blue.png]
[cdn2.editmysite.com/images/common/search-light.png]
[cdn2.editmysite.com/images/common/social_icons.png]
[cdn2.editmysite.com/images/common/blog/blog-comment-button.png]
[cdn2.editmysite.com/images/common/blog/blog-comment-header.png]
[cdn2.editmysite.com/images/common/blog/blog-comment-pointer.png]
[cdn2.editmysite.com/images/common/blog/blog-comment-link.png]
[cdn2.editmysite.com/images/common/blog/blog-comment-header-author.png]
[cdn2.editmysite.com/images/common/blog/blog-comment-pointer-author.png]
[cdn2.editmysite.com/images/common/blog/blog-comment-field-bg.png]
[cdn2.editmysite.com/images/common/blog/dark-blog-comment-header.png]
[cdn2.editmysite.com/images/common/blog/dark-blog-comment-pointer.png]
[cdn2.editmysite.com/images/common/blog/dark-blog-comment-header-author.png]
[cdn2.editmysite.com/images/common/blog/dark-blog-comment-pointer-author.png]
[cdn2.editmysite.com/images/common/blog/dark-blog-comment-link.png]
[cdn2.editmysite.com/images/util/general/blank.gif]
[cdn2.editmysite.com/images/common/lightbox/prevlabel.gif]
[cdn2.editmysite.com/images/common/lightbox/nextlabel.gif]
[cdn2.editmysite.com/sprites/util/inputs/checkmarkBox-s7868418152.png]
[cdn2.editmysite.com/sprites/util/inputs/checkmarkBox/@2x-s211a47d318.png]
[cdn2.editmysite.com/images/util/inputs/search-input-bg.jpg]
[cdn2.editmysite.com/images/common/magnifying-glass.png]
[cdn2.editmysite.com/images/common/checkmarks/checkmark-mini.png]
[cdn2.editmysite.com/images/common/checkmarks/@2x/checkmark-mini.png]
[cdn2.editmysite.com/images/common/search-pagination-bg.png]
[cdn2.editmysite.com/images/util/general/top-triangle-000.png]
[cdn2.editmysite.com/images/util/general/bottom-triangle-000.png]
[cdn2.editmysite.com/images/util/general/top-triangle-000@2x.png]
[cdn2.editmysite.com/images/util/general/bottom-triangle-000@2x.png]
[cdn2.editmysite.com/sprites/common/social-icons-s5ea5500bdb.png]
[cdn2.editmysite.com/sprites/common/social-icons/@2x-s0ae7d70c70.png]
[cdn2.editmysite.com/sprites/site/mini-cart-s86c48effae.png]
[cdn2.editmysite.com/sprites/site/mini-cart/@2x-s576cbc3f90.png]
[cdn2.editmysite.com/images/loading.gif]
[cdn2.editmysite.com/sprites/site/mobile/commerce-sdf6d4e852c.png]
[cdn2.editmysite.com/sprites/site/mobile/commerce/@2x-s82f968c453.png]
[cdn2.editmysite.com/images/site/checkout/paypal.png]
[cdn2.editmysite.com/images/site/checkout/@2x/paypal.png]
[cdn2.editmysite.com/images/site/checkout/credit-cards.png]
[cdn2.editmysite.com/images/site/checkout/@2x/credit-cards.png]
[cdn2.editmysite.com/images/site/checkout/print.png]
[cdn2.editmysite.com/images/site/checkout/print@2x.png]
[cdn2.editmysite.com/images/vendor/select2/select2.png]
[cdn2.editmysite.com/images/vendor/select2/select2-spinner.gif]
[cdn2.editmysite.com/images/vendor/select2/select2x2.png]
[cdn2.editmysite.com/images/util/spinner/spinner-dark.png]
[cdn2.editmysite.com/images/util/spinner/spinner-light.png]
[cdn2.editmysite.com/images/util/loading-white-w24.gif]
[cdn2.editmysite.com/images/common/form_input_bg.gif]
[cdn2.editmysite.com/sprites/site/forms-s3786257308.png]
[cdn2.editmysite.com/sprites/site/forms/@2x-s47607b315a.png]
[cdn2.editmysite.com/images/blank.gif]
[cdn2.editmysite.com/images/old/photoswipe/loader.gif]
[cdn2.editmysite.com/images/old/photoswipe/error.gif]
[cdn2.editmysite.com/images/old/photoswipe/icons.png]
[cdn2.editmysite.com/css/sitesaa09.css]
[cdn2.editmysite.com/images/old/photoswipe/icons@2x.png]
[cdn2.editmysite.com/images/old/fancybox/fancybox_sprite.png]
[cdn2.editmysite.com/images/old/fancybox/fancybox_loading.gif]
[cdn2.editmysite.com/images/old/fancybox/blank.gif]
[cdn2.editmysite.com/css/old/fancyboxf291.css]
[cdn2.editmysite.com/images/old/fancybox/fancybox_overlay.png]
[cdn2.editmysite.com/fonts/wSocial/wsocial108b.eot]
[cdn2.editmysite.com/css/social-icons731e.css]
[www.cyclehublincs.org.uk/files/theme/images/default_header82d5.jpg]
[www.cyclehublincs.org.uk/files/theme/images/downarrow82d5.png]
[www.cyclehublincs.org.uk/files/theme/images/default_icons82d5.png]
[www.cyclehublincs.org.uk/files/theme/images/teal_icons82d5.png]
[www.cyclehublincs.org.uk/files/main_style82d5.css]
[cdn2.editmysite.com/fonts/Raleway/ultralight.woff2]
[cdn2.editmysite.com/fonts/Raleway/ultralight.eot]
[cdn2.editmysite.com/fonts/Raleway/ultralightd41d.eot]
[cdn2.editmysite.com/fonts/Raleway/ultralight.woff]
[cdn2.editmysite.com/fonts/Raleway/light.woff2]
[cdn2.editmysite.com/fonts/Raleway/ultralight.ttf]
[cdn2.editmysite.com/fonts/Raleway/light.eot]
[cdn2.editmysite.com/fonts/Raleway/lightd41d.eot]
[cdn2.editmysite.com/fonts/Raleway/light.woff]
[cdn2.editmysite.com/fonts/Raleway/regular.woff2]
[cdn2.editmysite.com/fonts/Raleway/regular.eot]
[cdn2.editmysite.com/fonts/Raleway/light.ttf]
[cdn2.editmysite.com/fonts/Raleway/regular.woff]
[cdn2.editmysite.com/fonts/Raleway/regulard41d.eot]
[cdn2.editmysite.com/fonts/Raleway/medium.woff2]
[cdn2.editmysite.com/fonts/Raleway/medium.eot]
[cdn2.editmysite.com/fonts/Raleway/regular.ttf]
[cdn2.editmysite.com/fonts/Raleway/medium.woff]
[cdn2.editmysite.com/fonts/Raleway/semibold.woff2]
[cdn2.editmysite.com/fonts/Raleway/medium.ttf]
[cdn2.editmysite.com/fonts/Raleway/semibold.eot]
[cdn2.editmysite.com/fonts/Raleway/semibold.woff]
[cdn2.editmysite.com/fonts/Raleway/semiboldd41d.eot]
[cdn2.editmysite.com/fonts/Raleway/mediumd41d.eot]
[cdn2.editmysite.com/fonts/Raleway/bold.woff2]
[cdn2.editmysite.com/fonts/Raleway/bold.woff]
[cdn2.editmysite.com/fonts/Raleway/semibold.ttf]
[cdn2.editmysite.com/fonts/Raleway/bold.eot]
[cdn2.editmysite.com/fonts/Raleway/fontc81e.css]
[cdn2.editmysite.com/fonts/Lora/regular.woff2]
[cdn2.editmysite.com/fonts/Raleway/bold.ttf]
[cdn2.editmysite.com/fonts/Lora/regular.woff]
[cdn2.editmysite.com/fonts/Raleway/boldd41d.eot]
[cdn2.editmysite.com/fonts/Lora/regular.eot]
[cdn2.editmysite.com/fonts/Lora/bold.woff2]
[cdn2.editmysite.com/fonts/Lora/regular.ttf]
[cdn2.editmysite.com/fonts/Lora/bold.woff]
[cdn2.editmysite.com/fonts/Lora/bold.eot]
[cdn2.editmysite.com/fonts/Lora/regulard41d.eot]
[cdn2.editmysite.com/fonts/Lora/italic.woff2]
[cdn2.editmysite.com/fonts/Lora/bold.ttf]
[cdn2.editmysite.com/fonts/Lora/italic.woff]
[cdn2.editmysite.com/fonts/Lora/boldd41d.eot]
[cdn2.editmysite.com/fonts/Lora/italic.eot]
[cdn2.editmysite.com/fonts/Lora/bolditalic.woff2]
[cdn2.editmysite.com/fonts/Lora/italic.ttf]
[cdn2.editmysite.com/fonts/Lora/bolditalic.eot]
[cdn2.editmysite.com/fonts/Lora/bolditalic.woff]
[cdn2.editmysite.com/fonts/Lora/bolditalicd41d.eot]
[cdn2.editmysite.com/fonts/Lora/fontc81e.css]
[cdn2.editmysite.com/fonts/Catamaran/ultralight.eot]
[cdn2.editmysite.com/fonts/Catamaran/ultralight.woff2]
[cdn2.editmysite.com/fonts/Catamaran/ultralight.woff]
[cdn2.editmysite.com/fonts/Lora/bolditalic.ttf]
[cdn2.editmysite.com/fonts/Lora/italicd41d.eot]
[cdn2.editmysite.com/fonts/Catamaran/ultralightd41d.eot]
[cdn2.editmysite.com/fonts/Catamaran/light.woff2]
[cdn2.editmysite.com/fonts/Catamaran/ultralight.ttf]
[cdn2.editmysite.com/fonts/Catamaran/light.woff]
[cdn2.editmysite.com/fonts/Catamaran/light.eot]
[cdn2.editmysite.com/fonts/Catamaran/lightd41d.eot]
[cdn2.editmysite.com/fonts/Catamaran/regular.woff2]
[cdn2.editmysite.com/fonts/Catamaran/light.ttf]
[cdn2.editmysite.com/fonts/Catamaran/regular.woff]
[cdn2.editmysite.com/fonts/Catamaran/regular.eot]
[cdn2.editmysite.com/fonts/Catamaran/regulard41d.eot]
[cdn2.editmysite.com/fonts/Catamaran/bold.woff2]
[cdn2.editmysite.com/fonts/Catamaran/regular.ttf]
[cdn2.editmysite.com/fonts/Catamaran/bold.woff]
[cdn2.editmysite.com/fonts/Catamaran/bold.eot]
[cdn2.editmysite.com/fonts/Catamaran/fontc81e.css]
[cdn2.editmysite.com/fonts/Catamaran/boldd41d.eot]
[cdn2.editmysite.com/fonts/Open_Sans/light.woff2]
[cdn2.editmysite.com/fonts/Open_Sans/light.woff]
[cdn2.editmysite.com/fonts/Catamaran/bold.ttf]
[cdn2.editmysite.com/fonts/Open_Sans/light.eot]
[cdn2.editmysite.com/fonts/Open_Sans/regular.woff2]
[cdn2.editmysite.com/fonts/Open_Sans/regular.woff]
[cdn2.editmysite.com/fonts/Open_Sans/light.ttf]
[cdn2.editmysite.com/fonts/Open_Sans/regular.eot]
[cdn2.editmysite.com/fonts/Open_Sans/bold.woff2]
[cdn2.editmysite.com/fonts/Open_Sans/bold.woff]
[cdn2.editmysite.com/fonts/Open_Sans/regular.ttf]
[cdn2.editmysite.com/fonts/Open_Sans/bold.eot]
[cdn2.editmysite.com/fonts/Open_Sans/lightitalic.woff2]
[cdn2.editmysite.com/fonts/Open_Sans/bold.ttf]
[cdn2.editmysite.com/fonts/Open_Sans/lightitalic.woff]
[cdn2.editmysite.com/fonts/Open_Sans/lightitalic.eot]
[cdn2.editmysite.com/fonts/Open_Sans/lightd41d.eot]
[cdn2.editmysite.com/fonts/Open_Sans/italic.woff2]
[cdn2.editmysite.com/fonts/Open_Sans/italic.eot]
[cdn2.editmysite.com/fonts/Open_Sans/lightitalic.ttf]
[cdn2.editmysite.com/fonts/Open_Sans/italicd41d.eot]
[cdn2.editmysite.com/fonts/Open_Sans/italic.woff]
[cdn2.editmysite.com/fonts/Open_Sans/regulard41d.eot]
[cdn2.editmysite.com/fonts/Open_Sans/bolditalic.woff2]
[cdn2.editmysite.com/fonts/Open_Sans/italic.ttf]
[cdn2.editmysite.com/fonts/Open_Sans/bolditalic.woff]
[cdn2.editmysite.com/fonts/Open_Sans/bolditalic.eot]
[cdn2.editmysite.com/fonts/Open_Sans/bolditalicd41d.eot]
[cdn2.editmysite.com/fonts/Open_Sans/fontc81e.css]
[cdn2.editmysite.com/fonts/Open_Sans/bolditalic.ttf]
[cdn2.editmysite.com/fonts/Lato/light.woff2]
[cdn2.editmysite.com/fonts/Open_Sans/boldd41d.eot]
[cdn2.editmysite.com/fonts/Lato/light.woff]
[cdn2.editmysite.com/fonts/Lato/light.eot]
[cdn2.editmysite.com/fonts/Open_Sans/lightitalicd41d.eot]
[cdn2.editmysite.com/fonts/Lato/lightitalic.woff2]
[cdn2.editmysite.com/fonts/Lato/lightitalic.woff]
[cdn2.editmysite.com/fonts/Lato/lightitalic.eot]
[cdn2.editmysite.com/fonts/Lato/light.ttf]
[cdn2.editmysite.com/fonts/Lato/regular.woff2]
[cdn2.editmysite.com/fonts/Lato/lightitalic.ttf]
[cdn2.editmysite.com/fonts/Lato/lightd41d.eot]
[cdn2.editmysite.com/fonts/Lato/regular.woff]
[cdn2.editmysite.com/fonts/Lato/regular.eot]
[cdn2.editmysite.com/fonts/Lato/italic.woff2]
[cdn2.editmysite.com/fonts/Lato/italic.woff]
[cdn2.editmysite.com/fonts/Lato/regular.ttf]
[cdn2.editmysite.com/fonts/Lato/italic.eot]
[cdn2.editmysite.com/fonts/Lato/bold.woff2]
[cdn2.editmysite.com/fonts/Lato/bold.woff]
[cdn2.editmysite.com/fonts/Lato/italic.ttf]
[cdn2.editmysite.com/fonts/Lato/bold.eot]
[cdn2.editmysite.com/fonts/Lato/lightitalicd41d.eot]
[cdn2.editmysite.com/fonts/Lato/bolditalic.woff2]
[cdn2.editmysite.com/fonts/Lato/bold.ttf]
[cdn2.editmysite.com/fonts/Lato/bolditalic.eot]
[cdn2.editmysite.com/fonts/Lato/bolditalic.woff]
[cdn2.editmysite.com/fonts/Lato/fontc81e.css]
[cdn2.editmysite.com/fonts/Lato/bolditalicd41d.eot]
[cdn2.editmysite.com/fonts/Questrial/regular.woff2]
[cdn2.editmysite.com/fonts/Lato/bolditalic.ttf]
[cdn2.editmysite.com/fonts/Questrial/regular.woff]
[cdn2.editmysite.com/fonts/Questrial/regular.eot]
[cdn2.editmysite.com/fonts/Lato/regulard41d.eot]
[cdn2.editmysite.com/fonts/Questrial/fontc81e.css]
[cdn2.editmysite.com/fonts/Questrial/regular.ttf]
[cdn2.editmysite.com/fonts/Cabin/regular.woff2]
[cdn2.editmysite.com/fonts/Cabin/regular.eot]
[cdn2.editmysite.com/fonts/Cabin/regular.woff]
[cdn2.editmysite.com/fonts/Lato/italicd41d.eot]
[cdn2.editmysite.com/fonts/Lato/boldd41d.eot]
[cdn2.editmysite.com/fonts/Cabin/bold.woff2]
[cdn2.editmysite.com/fonts/Cabin/bold.eot]
[cdn2.editmysite.com/fonts/Cabin/regular.ttf]
[cdn2.editmysite.com/fonts/Cabin/bold.woff]
[cdn2.editmysite.com/fonts/Cabin/boldd41d.eot]
[cdn2.editmysite.com/fonts/Cabin/italic.woff2]
[cdn2.editmysite.com/fonts/Cabin/italic.woff]
[cdn2.editmysite.com/fonts/Cabin/bold.ttf]
[cdn2.editmysite.com/fonts/Cabin/italic.eot]
[cdn2.editmysite.com/fonts/Cabin/bolditalic.woff2]
[cdn2.editmysite.com/fonts/Cabin/bolditalic.eot]
[cdn2.editmysite.com/fonts/Cabin/italic.ttf]
[cdn2.editmysite.com/fonts/Cabin/bolditalicd41d.eot]
[cdn2.editmysite.com/fonts/Cabin/bolditalic.woff]
[cdn2.editmysite.com/fonts/Cabin/fontc81e.css]
[cdn2.editmysite.com/fonts/Cabin/bolditalic.ttf]
[cdn2.editmysite.com/fonts/Questrial/regulard41d.eot]
[cdn2.editmysite.com/fonts/Montserrat/regular.woff2]
[cdn2.editmysite.com/fonts/Montserrat/regular.woff]
[cdn2.editmysite.com/fonts/Cabin/regulard41d.eot]
[cdn2.editmysite.com/fonts/Montserrat/regular.eot]
[cdn2.editmysite.com/fonts/Montserrat/bold.woff2]
[cdn2.editmysite.com/fonts/Montserrat/regular.ttf]
[cdn2.editmysite.com/fonts/Montserrat/bold.woff]
[cdn2.editmysite.com/fonts/Montserrat/bold.eot]
[cdn2.editmysite.com/fonts/Montserrat/boldd41d.eot]
[cdn2.editmysite.com/fonts/Montserrat/fontc81e.css]
[cdn1.editmysite.com/index.html]
[cdn2.editmysite.com/fonts/Montserrat/bold.ttf]
[cdn2.editmysite.com/index.html]
[www.cyclehublincs.org.uk/uploads/1/1/8/6/11863800/published/cytech-umbrella-web-transparent-rgb-png_17594.png]
[www.cyclehublincs.org.uk/uploads/1/1/8/6/11863800/published/alex-bmxc9dd.jpg]
[cdn2.editmysite.com/fonts/Cabin/italicd41d.eot]
[cdn2.editmysite.com/fonts/Montserrat/regulard41d.eot]
[www.cyclehublincs.org.uk/uploads/1/1/8/6/11863800/editor/lloyd-workshop6c98.jpg]
[www.cyclehublincs.org.uk/uploads/1/1/8/6/11863800/andy-racing-cropped_orig.jpg]
[www.cyclehublincs.org.uk/uploads/1/1/8/6/11863800/published/1931269_1be0c.png]
[www.cyclehublincs.org.uk/_/uploads/1/1/8/6/11863800/background-images/1178921489.jpg_]
[www.cyclehublincs.org.uk/meet-the-team.html]
[www.cyclehublincs.org.uk/uploads/1/1/8/6/11863800/winter-ride-ready-offer_orig.png]
[www.cyclehublincs.org.uk/winter-packages.html]
[www.cyclehublincs.org.uk/uploads/1/1/8/6/11863800/editor/4362170_38a2c.jpg]
[www.cyclehublincs.org.uk/uploads/1/1/8/6/11863800/editor/andy-working-2024-07-03-13-39-06_1.jpg]
[www.cyclehublincs.org.uk/_/uploads/1/1/8/6/11863800/background-images/249917821.png_]
[www.cyclehublincs.org.uk/services.html]
[www.cyclehublincs.org.uk/uploads/1/1/8/6/11863800/published/cycle-hub-lock-cu55fc.jpg]
[www.cyclehublincs.org.uk/uploads/1/1/8/6/11863800/published/cycle-hub-lockere4f7.jpg]
[www.cyclehublincs.org.uk/uploads/1/1/8/6/11863800/1393851277.png]
[www.cyclehublincs.org.uk/_/uploads/1/1/8/6/11863800/background-images/1593434914.jpg_]
[www.cyclehublincs.org.uk/parking.html]
[www.cyclehublincs.org.uk/uploads/1/1/8/6/11863800/cycle-hub-gy-workshop_orig.jpg]
[www.cyclehublincs.org.uk/uploads/1/1/8/6/11863800/cycle-hub-close-up-gears_orig.jpg]
[www.cyclehublincs.org.uk/uploads/1/1/8/6/11863800/cyce-hub-spokes-through-wheels_orig.jpg]
[www.cyclehublincs.org.uk/_/uploads/1/1/8/6/11863800/background-images/710406533.jpg_]
[www.cyclehublincs.org.uk/repairs.html]
[www.cyclehublincs.org.uk/reviews-and-testimonials.html]
[www.cyclehublincs.org.uk/uploads/1/1/8/6/11863800/cycle-hub-parts_orig.jpg]
[www.cyclehublincs.org.uk/uploads/1/1/8/6/11863800/published/stomp6c98.jpg]
[www.cyclehublincs.org.uk/uploads/1/1/8/6/11863800/editor/pendleton-brooke_16c98.jpg]
[www.cyclehublincs.org.uk/uploads/1/1/8/6/11863800/published/clock-black-rotor-chain-cd-luminous-handsad09.jpg]
[www.cyclehublincs.org.uk/uploads/1/1/8/6/11863800/clock-desktop-bronze_1_orig.jpg]
[www.cyclehublincs.org.uk/uploads/1/1/8/6/11863800/published/clock-hot-air-balloon10dc.jpg]
[www.cyclehublincs.org.uk/uploads/1/1/8/6/11863800/clock-dreamcatcher-2_orig.jpg]
[www.cyclehublincs.org.uk/uploads/1/1/8/6/11863800/cycle-hub-unboxing_orig.jpg]
[www.cyclehublincs.org.uk/_/uploads/1/1/8/6/11863800/background-images/798602438.jpg_]
[www.cyclehublincs.org.uk/recycledcycles.html]
[www.cyclehublincs.org.uk/uploads/1/1/8/6/11863800/8547447.jpg]
[www.cyclehublincs.org.uk/bags-and-baskets.html]
[www.cyclehublincs.org.uk/uploads/1/1/8/6/11863800/838924.jpg]
[www.cyclehublincs.org.uk/boxed-bikes.html]
[www.cyclehublincs.org.uk/uploads/1/1/8/6/11863800/smiling-dr-alex_orig.jpg]
[www.cyclehublincs.org.uk/uploads/1/1/8/6/11863800/alex-oiling-chain_orig.jpg]
[www.cyclehublincs.org.uk/_/uploads/1/1/8/6/11863800/background-images/447023475.jpg_]
[www.cyclehublincs.org.uk/dr-bike-in-your-workplace.html]
[cdn2.editmysite.com/images/site/footer/og-image-placeholder-blank.png]
[www.cyclehublincs.org.uk/_/uploads/1/1/8/6/11863800/background-images/967013249.jpg_]
[www.cyclehublincs.org.uk/cdn-cgi/l/email-protection.html]
[www.cyclehublincs.org.uk/cdn-cgi/scripts/5c5dd728/cloudflare-static/email-decode.min.js]
[www.cyclehublincs.org.uk/contact-us.html]
[www.cyclehublincs.org.uk/_/uploads/1/1/8/6/11863800/background-images/1357614252.html]
[www.cyclehublincs.org.uk/_/uploads/1/1/8/6/11863800/background-images/1450537518.png_]
[www.cyclehublincs.org.uk/volunteer.html]
[www.cyclehublincs.org.uk/_/uploads/1/1/8/6/11863800/background-images/1178921489.html]
[www.cyclehublincs.org.uk/_/uploads/1/1/8/6/11863800/background-images/249917821.html]
[www.cyclehublincs.org.uk/_/uploads/1/1/8/6/11863800/background-images/1593434914.html]
[www.cyclehublincs.org.uk/_/uploads/1/1/8/6/11863800/background-images/710406533.html]
[www.cyclehublincs.org.uk/_/uploads/1/1/8/6/11863800/background-images/831417495.jpg_]
[www.cyclehublincs.org.uk/reviews-and-testimonials.html]
[www.cyclehublincs.org.uk/_/uploads/1/1/8/6/11863800/background-images/798602438.html]
[www.cyclehublincs.org.uk/_/uploads/1/1/8/6/11863800/background-images/447023475.html]
[www.cyclehublincs.org.uk/_/uploads/1/1/8/6/11863800/background-images/967013249.html]
[www.cyclehublincs.org.uk/cdn-cgi/l/email-protection.html]
[www.cyclehublincs.org.uk/_/uploads/1/1/8/6/11863800/background-images/1450537518.html]
[www.cyclehublincs.org.uk/_/uploads/1/1/8/6/11863800/background-images/831417495.html]
